// Jest Snapshot v1, https://goo.gl/fbAQLP

exports[`Banner matches the snapshot 1`] = `
<div>
  <h1
    class="MuiTypography-root MuiTypography-h1 css-o2w69a-MuiTypography-root"
  >
    GitHub Search
  </h1>
</div>
`;
